../Core/Src/main.c:51:6:BTS7960_Init	8	static
../Core/Src/main.c:57:6:Set_PWM_Duty	16	static
../Core/Src/main.c:84:6:delay_us	16	static
../Core/Src/main.c:90:6:Stepper_Init	8	static
../Core/Src/main.c:99:6:Stepper_Move	24	static
../Core/Src/main.c:127:5:main	8	static
../Core/Src/main.c:194:6:SystemClock_Config	88	static
../Core/Src/main.c:240:13:MX_SPI1_Init	8	static
../Core/Src/main.c:278:13:MX_TIM3_Init	48	static
../Core/Src/main.c:331:13:MX_TIM4_Init	48	static
../Core/Src/main.c:380:13:MX_GPIO_Init	48	static
../Core/Src/main.c:424:6:Error_Handler	4	static,ignoring_inline_asm
